Archive member included because of file (symbol)

c:/program files/atmel/atmel toolchain/avr8 gcc/native/3.4.1061/avr8-gnu-toolchain/bin/../lib/gcc/avr/4.8.1/avr5\libgcc.a(_exit.o)
                              c:/program files/atmel/atmel toolchain/avr8 gcc/native/3.4.1061/avr8-gnu-toolchain/bin/../lib/gcc/avr/4.8.1/../../../../avr/lib/avr5/crtm328.o (exit)
c:/program files/atmel/atmel toolchain/avr8 gcc/native/3.4.1061/avr8-gnu-toolchain/bin/../lib/gcc/avr/4.8.1/avr5\libgcc.a(_tablejump.o)
                              nRF8001.o (__tablejump2__)
c:/program files/atmel/atmel toolchain/avr8 gcc/native/3.4.1061/avr8-gnu-toolchain/bin/../lib/gcc/avr/4.8.1/avr5\libgcc.a(_copy_data.o)
                              nRF8001.o (__do_copy_data)
c:/program files/atmel/atmel toolchain/avr8 gcc/native/3.4.1061/avr8-gnu-toolchain/bin/../lib/gcc/avr/4.8.1/avr5\libgcc.a(_clear_bss.o)
                              23008LCD.o (__do_clear_bss)
c:/program files/atmel/atmel toolchain/avr8 gcc/native/3.4.1061/avr8-gnu-toolchain/bin/../lib/gcc/avr/4.8.1/avr5\libgcc.a(_ctors.o)
                              nRF8001.o (__do_global_ctors)

Allocating common symbols
Common symbol       size              file

lcdX                0x1               23008LCD.o
delay               0x2               23008LCD.o
lcdY                0x1               23008LCD.o

Discarded input sections

 .data          0x00000000        0x0 c:/program files/atmel/atmel toolchain/avr8 gcc/native/3.4.1061/avr8-gnu-toolchain/bin/../lib/gcc/avr/4.8.1/../../../../avr/lib/avr5/crtm328.o
 .bss           0x00000000        0x0 c:/program files/atmel/atmel toolchain/avr8 gcc/native/3.4.1061/avr8-gnu-toolchain/bin/../lib/gcc/avr/4.8.1/../../../../avr/lib/avr5/crtm328.o
 .text          0x00000000        0x0 23008LCD.o
 .data          0x00000000        0x0 23008LCD.o
 .bss           0x00000000        0x0 23008LCD.o
 .text.lcdWriteNybble
                0x00000000       0x1c 23008LCD.o
 .text.lcdWrite
                0x00000000       0xaa 23008LCD.o
 .text.lcdPutch
                0x00000000        0xa 23008LCD.o
 .text.lcdClearDisplay
                0x00000000       0x36 23008LCD.o
 .text.lcdInit  0x00000000       0x98 23008LCD.o
 .text.lcdDisplayState
                0x00000000       0x18 23008LCD.o
 .text.lcdGoto  0x00000000       0x52 23008LCD.o
 .text.lcdPuts  0x00000000       0x7c 23008LCD.o
 .text.makeCheckerboard
                0x00000000       0x56 23008LCD.o
 .text.makeMY   0x00000000       0x56 23008LCD.o
 .text.makeHeart
                0x00000000       0x56 23008LCD.o
 .text.makeUpArrow
                0x00000000       0x56 23008LCD.o
 .text.makeDownArrow
                0x00000000       0x56 23008LCD.o
 .text.AssignCustomCharacters
                0x00000000        0xe 23008LCD.o
 .text.LED1on   0x00000000       0x12 23008LCD.o
 .text.LED1off  0x00000000       0x12 23008LCD.o
 .text.LED2on   0x00000000       0x12 23008LCD.o
 .text.LED2off  0x00000000       0x12 23008LCD.o
 .text.toggleLED1
                0x00000000       0x14 23008LCD.o
 .text.toggleLED2
                0x00000000       0x14 23008LCD.o
 .bss.toLCD     0x00000000        0x1 23008LCD.o
 .debug_info    0x00000000      0xc08 23008LCD.o
 .debug_abbrev  0x00000000      0x1b8 23008LCD.o
 .debug_loc     0x00000000      0x42c 23008LCD.o
 .debug_aranges
                0x00000000       0xb8 23008LCD.o
 .debug_ranges  0x00000000       0xa8 23008LCD.o
 .debug_line    0x00000000      0x34f 23008LCD.o
 .debug_str     0x00000000      0x2f5 23008LCD.o
 .comment       0x00000000       0x31 23008LCD.o
 .debug_frame   0x00000000      0x194 23008LCD.o
 COMMON         0x00000000        0x4 23008LCD.o
 .text          0x00000000        0x0 myqADC.o
 .data          0x00000000        0x0 myqADC.o
 .bss           0x00000000        0x0 myqADC.o
 .text._ZN6ANALOGC2Ev
                0x00000000        0xe myqADC.o
 .text._ZN6ANALOG9isReadingEv
                0x00000000        0x8 myqADC.o
 .text._ZN6ANALOG4readEv
                0x00000000       0x2e myqADC.o
 .text._ZN6ANALOG3offEv
                0x00000000        0xc myqADC.o
 .text          0x00000000        0x0 myqI2C.o
 .data          0x00000000        0x0 myqI2C.o
 .bss           0x00000000        0x0 myqI2C.o
 .text.i2c_init
                0x00000000        0xc myqI2C.o
 .text.i2c_start
                0x00000000       0x4e myqI2C.o
 .text.i2c_start_wait
                0x00000000       0x50 myqI2C.o
 .text.i2c_rep_start
                0x00000000        0x6 myqI2C.o
 .text.i2c_stop
                0x00000000       0x12 myqI2C.o
 .text.i2c_write
                0x00000000       0x24 myqI2C.o
 .text.i2c_readAck
                0x00000000       0x16 myqI2C.o
 .text.i2c_readNak
                0x00000000       0x16 myqI2C.o
 .debug_info    0x00000000      0x1bd myqI2C.o
 .debug_abbrev  0x00000000       0xe5 myqI2C.o
 .debug_loc     0x00000000      0x12d myqI2C.o
 .debug_aranges
                0x00000000       0x58 myqI2C.o
 .debug_ranges  0x00000000       0x48 myqI2C.o
 .debug_line    0x00000000      0x1b0 myqI2C.o
 .debug_str     0x00000000      0x1ce myqI2C.o
 .comment       0x00000000       0x31 myqI2C.o
 .debug_frame   0x00000000       0xa0 myqI2C.o
 .text          0x00000000        0x0 myqspi.o
 .data          0x00000000        0x0 myqspi.o
 .bss           0x00000000        0x0 myqspi.o
 .text._ZN3SPIC2Ev
                0x00000000        0x8 myqspi.o
 .text._ZN3SPI4readEPhh
                0x00000000       0x20 myqspi.o
 .text._ZN3SPI5writeEPhh
                0x00000000       0x1e myqspi.o
 .text._ZN3SPI11setBitOrderEh
                0x00000000       0x22 myqspi.o
 .text._ZN3SPI15setClockDividerEh
                0x00000000       0x1a myqspi.o
 .text._ZN3SPI11setDataModeEh
                0x00000000       0x10 myqspi.o
 .text          0x00000000        0x0 nRF8001.o
 .data          0x00000000        0x0 nRF8001.o
 .bss           0x00000000        0x0 nRF8001.o
 .text._ZN3NRF20isReadyToReceiveDataEv
                0x00000000        0xc nRF8001.o
 .text._ZN3NRF8isBondedEv
                0x00000000        0xc nRF8001.o
 .text._ZN3NRF26isServiceDiscoveryFinishedEv
                0x00000000        0xc nRF8001.o
 .text._ZN3NRF4testEh
                0x00000000       0x22 nRF8001.o
 .text._ZN3NRF4echoEPhh
                0x00000000        0xc nRF8001.o
 .text._ZN3NRF10DTMcommandEj
                0x00000000       0x26 nRF8001.o
 .text._ZN3NRF4bondEjj
                0x00000000       0x30 nRF8001.o
 .text._ZN3NRF10setTxPowerEh
                0x00000000       0x22 nRF8001.o
 .text._ZN3NRF19changeTimingRequestEjjjj
                0x00000000       0x4c nRF8001.o
 .text._ZN3NRF14openRemotePipeEh
                0x00000000       0x22 nRF8001.o
 .text._ZN3NRF14setApplLatencyEhj
                0x00000000       0x2c nRF8001.o
 .text._ZN3NRF9rejectKeyEv
                0x00000000       0x22 nRF8001.o
 .text._ZN3NRF11openAdvPipeEPh
                0x00000000        0xc nRF8001.o
 .text._ZN3NRF9broadcastEjj
                0x00000000       0x30 nRF8001.o
 .text._ZN3NRF15closeRemotePipeEh
                0x00000000       0x22 nRF8001.o
 .text._ZN3NRF11sendDataAckEh
                0x00000000       0x3c nRF8001.o
 .text._ZN3NRF16writeDynamicDataEhPhh
                0x00000000       0x14 nRF8001.o
 .text._ZN3NRF6setKeyEPh
                0x00000000       0x12 nRF8001.o
 .text._ZN3NRF8sendDataEhPhh
                0x00000000       0x2a nRF8001.o
 .text._ZN3NRF12sendDataNackEhh
                0x00000000       0x42 nRF8001.o
 .text._ZN3NRF15readDynamicDataEv
                0x00000000        0x8 nRF8001.o
 .text._ZN3NRF16getDeviceVersionEv
                0x00000000        0x8 nRF8001.o
 .text._ZN3NRF16getDeviceAddressEv
                0x00000000        0x8 nRF8001.o
 .text._ZN3NRF15getBatteryLevelEv
                0x00000000        0x8 nRF8001.o
 .text._ZN3NRF14getTemperatureEv
                0x00000000        0x8 nRF8001.o
 .text._ZN3NRF10radioResetEv
                0x00000000        0x8 nRF8001.o
 .text._ZN3NRF19changeTimingRequestEv
                0x00000000        0x8 nRF8001.o
 .text._ZN3NRF19bondSecurityRequestEv
                0x00000000        0x8 nRF8001.o
 .text._ZN3NRF15directedConnectEv
                0x00000000        0x8 nRF8001.o
 .text          0x00000000        0x0 portexpander.o
 .data          0x00000000        0x0 portexpander.o
 .bss           0x00000000        0x0 portexpander.o
 .text.Write23008
                0x00000000       0x24 portexpander.o
 .text.Read23008
                0x00000000       0x26 portexpander.o
 .text.Init23008
                0x00000000        0x6 portexpander.o
 .debug_info    0x00000000      0x1f9 portexpander.o
 .debug_abbrev  0x00000000      0x10d portexpander.o
 .debug_loc     0x00000000       0xfe portexpander.o
 .debug_aranges
                0x00000000       0x30 portexpander.o
 .debug_ranges  0x00000000       0x20 portexpander.o
 .debug_line    0x00000000       0x84 portexpander.o
 .debug_str     0x00000000      0x1c3 portexpander.o
 .comment       0x00000000       0x31 portexpander.o
 .debug_frame   0x00000000       0x58 portexpander.o
 .text          0x00000000        0x0 timer1.o
 .data          0x00000000        0x0 timer1.o
 .bss           0x00000000        0x0 timer1.o
 .text._ZN6TIMER1C2Ev
                0x00000000       0x2a timer1.o
 .text._ZN6TIMER14stopEv
                0x00000000        0xa timer1.o
 .text._ZN6TIMER111isOVFlagSetEv
                0x00000000        0x6 timer1.o
 .text._ZN6TIMER111clearOVFlagEv
                0x00000000        0x4 timer1.o
 .text          0x00000000        0x0 SeniorProjectPulseOx.o
 .data          0x00000000        0x0 SeniorProjectPulseOx.o
 .bss           0x00000000        0x0 SeniorProjectPulseOx.o
 .text._Z12SetSleepModeh
                0x00000000       0x1e SeniorProjectPulseOx.o
 .text          0x00000000        0x0 c:/program files/atmel/atmel toolchain/avr8 gcc/native/3.4.1061/avr8-gnu-toolchain/bin/../lib/gcc/avr/4.8.1/avr5\libgcc.a(_exit.o)
 .data          0x00000000        0x0 c:/program files/atmel/atmel toolchain/avr8 gcc/native/3.4.1061/avr8-gnu-toolchain/bin/../lib/gcc/avr/4.8.1/avr5\libgcc.a(_exit.o)
 .bss           0x00000000        0x0 c:/program files/atmel/atmel toolchain/avr8 gcc/native/3.4.1061/avr8-gnu-toolchain/bin/../lib/gcc/avr/4.8.1/avr5\libgcc.a(_exit.o)
 .text.libgcc.mul
                0x00000000        0x0 c:/program files/atmel/atmel toolchain/avr8 gcc/native/3.4.1061/avr8-gnu-toolchain/bin/../lib/gcc/avr/4.8.1/avr5\libgcc.a(_exit.o)
 .text.libgcc.div
                0x00000000        0x0 c:/program files/atmel/atmel toolchain/avr8 gcc/native/3.4.1061/avr8-gnu-toolchain/bin/../lib/gcc/avr/4.8.1/avr5\libgcc.a(_exit.o)
 .text.libgcc   0x00000000        0x0 c:/program files/atmel/atmel toolchain/avr8 gcc/native/3.4.1061/avr8-gnu-toolchain/bin/../lib/gcc/avr/4.8.1/avr5\libgcc.a(_exit.o)
 .text.libgcc.prologue
                0x00000000        0x0 c:/program files/atmel/atmel toolchain/avr8 gcc/native/3.4.1061/avr8-gnu-toolchain/bin/../lib/gcc/avr/4.8.1/avr5\libgcc.a(_exit.o)
 .text.libgcc.builtins
                0x00000000        0x0 c:/program files/atmel/atmel toolchain/avr8 gcc/native/3.4.1061/avr8-gnu-toolchain/bin/../lib/gcc/avr/4.8.1/avr5\libgcc.a(_exit.o)
 .text.libgcc.fmul
                0x00000000        0x0 c:/program files/atmel/atmel toolchain/avr8 gcc/native/3.4.1061/avr8-gnu-toolchain/bin/../lib/gcc/avr/4.8.1/avr5\libgcc.a(_exit.o)
 .text.libgcc.fixed
                0x00000000        0x0 c:/program files/atmel/atmel toolchain/avr8 gcc/native/3.4.1061/avr8-gnu-toolchain/bin/../lib/gcc/avr/4.8.1/avr5\libgcc.a(_exit.o)
 .text          0x00000000        0x0 c:/program files/atmel/atmel toolchain/avr8 gcc/native/3.4.1061/avr8-gnu-toolchain/bin/../lib/gcc/avr/4.8.1/avr5\libgcc.a(_tablejump.o)
 .data          0x00000000        0x0 c:/program files/atmel/atmel toolchain/avr8 gcc/native/3.4.1061/avr8-gnu-toolchain/bin/../lib/gcc/avr/4.8.1/avr5\libgcc.a(_tablejump.o)
 .bss           0x00000000        0x0 c:/program files/atmel/atmel toolchain/avr8 gcc/native/3.4.1061/avr8-gnu-toolchain/bin/../lib/gcc/avr/4.8.1/avr5\libgcc.a(_tablejump.o)
 .text.libgcc.mul
                0x00000000        0x0 c:/program files/atmel/atmel toolchain/avr8 gcc/native/3.4.1061/avr8-gnu-toolchain/bin/../lib/gcc/avr/4.8.1/avr5\libgcc.a(_tablejump.o)
 .text.libgcc.div
                0x00000000        0x0 c:/program files/atmel/atmel toolchain/avr8 gcc/native/3.4.1061/avr8-gnu-toolchain/bin/../lib/gcc/avr/4.8.1/avr5\libgcc.a(_tablejump.o)
 .text.libgcc.prologue
                0x00000000        0x0 c:/program files/atmel/atmel toolchain/avr8 gcc/native/3.4.1061/avr8-gnu-toolchain/bin/../lib/gcc/avr/4.8.1/avr5\libgcc.a(_tablejump.o)
 .text.libgcc.builtins
                0x00000000        0x0 c:/program files/atmel/atmel toolchain/avr8 gcc/native/3.4.1061/avr8-gnu-toolchain/bin/../lib/gcc/avr/4.8.1/avr5\libgcc.a(_tablejump.o)
 .text.libgcc.fmul
                0x00000000        0x0 c:/program files/atmel/atmel toolchain/avr8 gcc/native/3.4.1061/avr8-gnu-toolchain/bin/../lib/gcc/avr/4.8.1/avr5\libgcc.a(_tablejump.o)
 .text.libgcc.fixed
                0x00000000        0x0 c:/program files/atmel/atmel toolchain/avr8 gcc/native/3.4.1061/avr8-gnu-toolchain/bin/../lib/gcc/avr/4.8.1/avr5\libgcc.a(_tablejump.o)
 .text          0x00000000        0x0 c:/program files/atmel/atmel toolchain/avr8 gcc/native/3.4.1061/avr8-gnu-toolchain/bin/../lib/gcc/avr/4.8.1/avr5\libgcc.a(_copy_data.o)
 .data          0x00000000        0x0 c:/program files/atmel/atmel toolchain/avr8 gcc/native/3.4.1061/avr8-gnu-toolchain/bin/../lib/gcc/avr/4.8.1/avr5\libgcc.a(_copy_data.o)
 .bss           0x00000000        0x0 c:/program files/atmel/atmel toolchain/avr8 gcc/native/3.4.1061/avr8-gnu-toolchain/bin/../lib/gcc/avr/4.8.1/avr5\libgcc.a(_copy_data.o)
 .text.libgcc.mul
                0x00000000        0x0 c:/program files/atmel/atmel toolchain/avr8 gcc/native/3.4.1061/avr8-gnu-toolchain/bin/../lib/gcc/avr/4.8.1/avr5\libgcc.a(_copy_data.o)
 .text.libgcc.div
                0x00000000        0x0 c:/program files/atmel/atmel toolchain/avr8 gcc/native/3.4.1061/avr8-gnu-toolchain/bin/../lib/gcc/avr/4.8.1/avr5\libgcc.a(_copy_data.o)
 .text.libgcc   0x00000000        0x0 c:/program files/atmel/atmel toolchain/avr8 gcc/native/3.4.1061/avr8-gnu-toolchain/bin/../lib/gcc/avr/4.8.1/avr5\libgcc.a(_copy_data.o)
 .text.libgcc.prologue
                0x00000000        0x0 c:/program files/atmel/atmel toolchain/avr8 gcc/native/3.4.1061/avr8-gnu-toolchain/bin/../lib/gcc/avr/4.8.1/avr5\libgcc.a(_copy_data.o)
 .text.libgcc.builtins
                0x00000000        0x0 c:/program files/atmel/atmel toolchain/avr8 gcc/native/3.4.1061/avr8-gnu-toolchain/bin/../lib/gcc/avr/4.8.1/avr5\libgcc.a(_copy_data.o)
 .text.libgcc.fmul
                0x00000000        0x0 c:/program files/atmel/atmel toolchain/avr8 gcc/native/3.4.1061/avr8-gnu-toolchain/bin/../lib/gcc/avr/4.8.1/avr5\libgcc.a(_copy_data.o)
 .text.libgcc.fixed
                0x00000000        0x0 c:/program files/atmel/atmel toolchain/avr8 gcc/native/3.4.1061/avr8-gnu-toolchain/bin/../lib/gcc/avr/4.8.1/avr5\libgcc.a(_copy_data.o)
 .text          0x00000000        0x0 c:/program files/atmel/atmel toolchain/avr8 gcc/native/3.4.1061/avr8-gnu-toolchain/bin/../lib/gcc/avr/4.8.1/avr5\libgcc.a(_clear_bss.o)
 .data          0x00000000        0x0 c:/program files/atmel/atmel toolchain/avr8 gcc/native/3.4.1061/avr8-gnu-toolchain/bin/../lib/gcc/avr/4.8.1/avr5\libgcc.a(_clear_bss.o)
 .bss           0x00000000        0x0 c:/program files/atmel/atmel toolchain/avr8 gcc/native/3.4.1061/avr8-gnu-toolchain/bin/../lib/gcc/avr/4.8.1/avr5\libgcc.a(_clear_bss.o)
 .text.libgcc.mul
                0x00000000        0x0 c:/program files/atmel/atmel toolchain/avr8 gcc/native/3.4.1061/avr8-gnu-toolchain/bin/../lib/gcc/avr/4.8.1/avr5\libgcc.a(_clear_bss.o)
 .text.libgcc.div
                0x00000000        0x0 c:/program files/atmel/atmel toolchain/avr8 gcc/native/3.4.1061/avr8-gnu-toolchain/bin/../lib/gcc/avr/4.8.1/avr5\libgcc.a(_clear_bss.o)
 .text.libgcc   0x00000000        0x0 c:/program files/atmel/atmel toolchain/avr8 gcc/native/3.4.1061/avr8-gnu-toolchain/bin/../lib/gcc/avr/4.8.1/avr5\libgcc.a(_clear_bss.o)
 .text.libgcc.prologue
                0x00000000        0x0 c:/program files/atmel/atmel toolchain/avr8 gcc/native/3.4.1061/avr8-gnu-toolchain/bin/../lib/gcc/avr/4.8.1/avr5\libgcc.a(_clear_bss.o)
 .text.libgcc.builtins
                0x00000000        0x0 c:/program files/atmel/atmel toolchain/avr8 gcc/native/3.4.1061/avr8-gnu-toolchain/bin/../lib/gcc/avr/4.8.1/avr5\libgcc.a(_clear_bss.o)
 .text.libgcc.fmul
                0x00000000        0x0 c:/program files/atmel/atmel toolchain/avr8 gcc/native/3.4.1061/avr8-gnu-toolchain/bin/../lib/gcc/avr/4.8.1/avr5\libgcc.a(_clear_bss.o)
 .text.libgcc.fixed
                0x00000000        0x0 c:/program files/atmel/atmel toolchain/avr8 gcc/native/3.4.1061/avr8-gnu-toolchain/bin/../lib/gcc/avr/4.8.1/avr5\libgcc.a(_clear_bss.o)
 .text          0x00000000        0x0 c:/program files/atmel/atmel toolchain/avr8 gcc/native/3.4.1061/avr8-gnu-toolchain/bin/../lib/gcc/avr/4.8.1/avr5\libgcc.a(_ctors.o)
 .data          0x00000000        0x0 c:/program files/atmel/atmel toolchain/avr8 gcc/native/3.4.1061/avr8-gnu-toolchain/bin/../lib/gcc/avr/4.8.1/avr5\libgcc.a(_ctors.o)
 .bss           0x00000000        0x0 c:/program files/atmel/atmel toolchain/avr8 gcc/native/3.4.1061/avr8-gnu-toolchain/bin/../lib/gcc/avr/4.8.1/avr5\libgcc.a(_ctors.o)
 .text.libgcc.mul
                0x00000000        0x0 c:/program files/atmel/atmel toolchain/avr8 gcc/native/3.4.1061/avr8-gnu-toolchain/bin/../lib/gcc/avr/4.8.1/avr5\libgcc.a(_ctors.o)
 .text.libgcc.div
                0x00000000        0x0 c:/program files/atmel/atmel toolchain/avr8 gcc/native/3.4.1061/avr8-gnu-toolchain/bin/../lib/gcc/avr/4.8.1/avr5\libgcc.a(_ctors.o)
 .text.libgcc   0x00000000        0x0 c:/program files/atmel/atmel toolchain/avr8 gcc/native/3.4.1061/avr8-gnu-toolchain/bin/../lib/gcc/avr/4.8.1/avr5\libgcc.a(_ctors.o)
 .text.libgcc.prologue
                0x00000000        0x0 c:/program files/atmel/atmel toolchain/avr8 gcc/native/3.4.1061/avr8-gnu-toolchain/bin/../lib/gcc/avr/4.8.1/avr5\libgcc.a(_ctors.o)
 .text.libgcc.builtins
                0x00000000        0x0 c:/program files/atmel/atmel toolchain/avr8 gcc/native/3.4.1061/avr8-gnu-toolchain/bin/../lib/gcc/avr/4.8.1/avr5\libgcc.a(_ctors.o)
 .text.libgcc.fmul
                0x00000000        0x0 c:/program files/atmel/atmel toolchain/avr8 gcc/native/3.4.1061/avr8-gnu-toolchain/bin/../lib/gcc/avr/4.8.1/avr5\libgcc.a(_ctors.o)
 .text.libgcc.fixed
                0x00000000        0x0 c:/program files/atmel/atmel toolchain/avr8 gcc/native/3.4.1061/avr8-gnu-toolchain/bin/../lib/gcc/avr/4.8.1/avr5\libgcc.a(_ctors.o)

Memory Configuration

Name             Origin             Length             Attributes
text             0x00000000         0x00020000         xr
data             0x00800060         0x0000ffa0         rw !x
eeprom           0x00810000         0x00010000         rw !x
fuse             0x00820000         0x00000400         rw !x
lock             0x00830000         0x00000400         rw !x
signature        0x00840000         0x00000400         rw !x
user_signatures  0x00850000         0x00000400         rw !x
*default*        0x00000000         0xffffffff

Linker script and memory map

Address of section .data set to 0x800100
LOAD c:/program files/atmel/atmel toolchain/avr8 gcc/native/3.4.1061/avr8-gnu-toolchain/bin/../lib/gcc/avr/4.8.1/../../../../avr/lib/avr5/crtm328.o
LOAD 23008LCD.o
LOAD myqADC.o
LOAD myqI2C.o
LOAD myqspi.o
LOAD nRF8001.o
LOAD portexpander.o
LOAD timer1.o
LOAD SeniorProjectPulseOx.o
START GROUP
LOAD c:/program files/atmel/atmel toolchain/avr8 gcc/native/3.4.1061/avr8-gnu-toolchain/bin/../lib/gcc/avr/4.8.1/../../../../avr/lib/avr5\libm.a
END GROUP
LOAD c:/program files/atmel/atmel toolchain/avr8 gcc/native/3.4.1061/avr8-gnu-toolchain/bin/../lib/gcc/avr/4.8.1/avr5\libgcc.a
LOAD c:/program files/atmel/atmel toolchain/avr8 gcc/native/3.4.1061/avr8-gnu-toolchain/bin/../lib/gcc/avr/4.8.1/../../../../avr/lib/avr5\libm.a
START GROUP
LOAD c:/program files/atmel/atmel toolchain/avr8 gcc/native/3.4.1061/avr8-gnu-toolchain/bin/../lib/gcc/avr/4.8.1/avr5\libgcc.a
LOAD c:/program files/atmel/atmel toolchain/avr8 gcc/native/3.4.1061/avr8-gnu-toolchain/bin/../lib/gcc/avr/4.8.1/../../../../avr/lib/avr5\libm.a
LOAD c:/program files/atmel/atmel toolchain/avr8 gcc/native/3.4.1061/avr8-gnu-toolchain/bin/../lib/gcc/avr/4.8.1/../../../../avr/lib/avr5\libc.a
END GROUP

.hash
 *(.hash)

.dynsym
 *(.dynsym)

.dynstr
 *(.dynstr)

.gnu.version
 *(.gnu.version)

.gnu.version_d
 *(.gnu.version_d)

.gnu.version_r
 *(.gnu.version_r)

.rel.init
 *(.rel.init)

.rela.init
 *(.rela.init)

.rel.text
 *(.rel.text)
 *(.rel.text.*)
 *(.rel.gnu.linkonce.t*)

.rela.text
 *(.rela.text)
 *(.rela.text.*)
 *(.rela.gnu.linkonce.t*)

.rel.fini
 *(.rel.fini)

.rela.fini
 *(.rela.fini)

.rel.rodata
 *(.rel.rodata)
 *(.rel.rodata.*)
 *(.rel.gnu.linkonce.r*)

.rela.rodata
 *(.rela.rodata)
 *(.rela.rodata.*)
 *(.rela.gnu.linkonce.r*)

.rel.data
 *(.rel.data)
 *(.rel.data.*)
 *(.rel.gnu.linkonce.d*)

.rela.data
 *(.rela.data)
 *(.rela.data.*)
 *(.rela.gnu.linkonce.d*)

.rel.ctors
 *(.rel.ctors)

.rela.ctors
 *(.rela.ctors)

.rel.dtors
 *(.rel.dtors)

.rela.dtors
 *(.rela.dtors)

.rel.got
 *(.rel.got)

.rela.got
 *(.rela.got)

.rel.bss
 *(.rel.bss)

.rela.bss
 *(.rela.bss)

.rel.plt
 *(.rel.plt)

.rela.plt
 *(.rela.plt)

.text           0x00000000      0xd68
 *(.vectors)
 .vectors       0x00000000       0x68 c:/program files/atmel/atmel toolchain/avr8 gcc/native/3.4.1061/avr8-gnu-toolchain/bin/../lib/gcc/avr/4.8.1/../../../../avr/lib/avr5/crtm328.o
                0x00000000                __vector_default
                0x00000000                __vectors
 *(.vectors)
 *(.progmem.gcc*)
 .progmem.gcc_sw_table._ZN3NRF22processCommandResponseEv
                0x00000068       0x3c nRF8001.o
 .progmem.gcc_sw_table._ZN3NRF7processEv
                0x000000a4       0x1e nRF8001.o
 .progmem.gcc_sw_table.main
                0x000000c2       0x10 SeniorProjectPulseOx.o
                0x000000d2                . = ALIGN (0x2)
                0x000000d2                __trampolines_start = .
 *(.trampolines)
 .trampolines   0x000000d2        0x0 linker stubs
 *(.trampolines*)
                0x000000d2                __trampolines_end = .
 *(.progmem*)
                0x000000d2                . = ALIGN (0x2)
 *(.jumptables)
 *(.jumptables*)
 *(.lowtext)
 *(.lowtext*)
                0x000000d2                __ctors_start = .
 *(.ctors)
 .ctors         0x000000d2        0x2 nRF8001.o
 .ctors         0x000000d4        0x2 SeniorProjectPulseOx.o
                0x000000d6                __ctors_end = .
                0x000000d6                __dtors_start = .
 *(.dtors)
                0x000000d6                __dtors_end = .
 SORT(*)(.ctors)
 SORT(*)(.dtors)
 *(.init0)
 .init0         0x000000d6        0x0 c:/program files/atmel/atmel toolchain/avr8 gcc/native/3.4.1061/avr8-gnu-toolchain/bin/../lib/gcc/avr/4.8.1/../../../../avr/lib/avr5/crtm328.o
                0x000000d6                __init
 *(.init0)
 *(.init1)
 *(.init1)
 *(.init2)
 .init2         0x000000d6        0xc c:/program files/atmel/atmel toolchain/avr8 gcc/native/3.4.1061/avr8-gnu-toolchain/bin/../lib/gcc/avr/4.8.1/../../../../avr/lib/avr5/crtm328.o
 *(.init2)
 *(.init3)
 *(.init3)
 *(.init4)
 .init4         0x000000e2       0x16 c:/program files/atmel/atmel toolchain/avr8 gcc/native/3.4.1061/avr8-gnu-toolchain/bin/../lib/gcc/avr/4.8.1/avr5\libgcc.a(_copy_data.o)
                0x000000e2                __do_copy_data
 .init4         0x000000f8       0x10 c:/program files/atmel/atmel toolchain/avr8 gcc/native/3.4.1061/avr8-gnu-toolchain/bin/../lib/gcc/avr/4.8.1/avr5\libgcc.a(_clear_bss.o)
                0x000000f8                __do_clear_bss
 *(.init4)
 *(.init5)
 *(.init5)
 *(.init6)
 .init6         0x00000108       0x16 c:/program files/atmel/atmel toolchain/avr8 gcc/native/3.4.1061/avr8-gnu-toolchain/bin/../lib/gcc/avr/4.8.1/avr5\libgcc.a(_ctors.o)
                0x00000108                __do_global_ctors
 *(.init6)
 *(.init7)
 *(.init7)
 *(.init8)
 *(.init8)
 *(.init9)
 .init9         0x0000011e        0x8 c:/program files/atmel/atmel toolchain/avr8 gcc/native/3.4.1061/avr8-gnu-toolchain/bin/../lib/gcc/avr/4.8.1/../../../../avr/lib/avr5/crtm328.o
 *(.init9)
 *(.text)
 .text          0x00000126        0x4 c:/program files/atmel/atmel toolchain/avr8 gcc/native/3.4.1061/avr8-gnu-toolchain/bin/../lib/gcc/avr/4.8.1/../../../../avr/lib/avr5/crtm328.o
                0x00000126                __vector_22
                0x00000126                __vector_24
                0x00000126                __vector_12
                0x00000126                __bad_interrupt
                0x00000126                __vector_6
                0x00000126                __vector_3
                0x00000126                __vector_23
                0x00000126                __vector_25
                0x00000126                __vector_11
                0x00000126                __vector_13
                0x00000126                __vector_17
                0x00000126                __vector_19
                0x00000126                __vector_7
                0x00000126                __vector_5
                0x00000126                __vector_4
                0x00000126                __vector_9
                0x00000126                __vector_2
                0x00000126                __vector_21
                0x00000126                __vector_15
                0x00000126                __vector_8
                0x00000126                __vector_14
                0x00000126                __vector_10
                0x00000126                __vector_16
                0x00000126                __vector_18
                0x00000126                __vector_20
                0x0000012a                . = ALIGN (0x2)
 *(.text.*)
 .text._ZN6ANALOG12reinitializeEv
                0x0000012a       0x38 myqADC.o
                0x0000012a                _ZN6ANALOG12reinitializeEv
 .text._ZN6ANALOGC2Ehh
                0x00000162        0xc myqADC.o
                0x00000162                _ZN6ANALOGC2Ehh
                0x00000162                _ZN6ANALOGC1Ehh
 .text._ZN6ANALOG5startEv
                0x0000016e       0x16 myqADC.o
                0x0000016e                _ZN6ANALOG5startEv
 .text._ZN6ANALOG18isInterruptFlagSetEv
                0x00000184        0x8 myqADC.o
                0x00000184                _ZN6ANALOG18isInterruptFlagSetEv
 .text._ZN6ANALOG9clearFlagEv
                0x0000018c        0xc myqADC.o
                0x0000018c                _ZN6ANALOG9clearFlagEv
 .text._ZN3SPI4initEh
                0x00000198       0x1a myqspi.o
                0x00000198                _ZN3SPI4initEh
 .text._ZN3SPIC2Eh
                0x000001b2        0x6 myqspi.o
                0x000001b2                _ZN3SPIC1Eh
                0x000001b2                _ZN3SPIC2Eh
 .text._ZN3SPI8transferEPhS0_h
                0x000001b8       0x26 myqspi.o
                0x000001b8                _ZN3SPI8transferEPhS0_h
 .text._ZN3SPI13transfer1byteEh
                0x000001de        0xc myqspi.o
                0x000001de                _ZN3SPI13transfer1byteEh
 .text._ZN3NRF14isInitializingEv
                0x000001ea       0x12 nRF8001.o
                0x000001ea                _ZN3NRF14isInitializingEv
 .text._ZN3NRF13hasDataToSendEv
                0x000001fc        0xc nRF8001.o
                0x000001fc                _ZN3NRF13hasDataToSendEv
 .text._ZN3NRF18waitingForResponseEv
                0x00000208        0xa nRF8001.o
                0x00000208                _ZN3NRF18waitingForResponseEv
 .text._ZN3NRF11isConnectedEv
                0x00000212        0xc nRF8001.o
                0x00000212                _ZN3NRF11isConnectedEv
 .text._ZN3NRF16hasDataToProcessEv
                0x0000021e        0xc nRF8001.o
                0x0000021e                _ZN3NRF16hasDataToProcessEv
 .text._ZN3NRF20dataHasBeenProcessedEv
                0x0000022a        0xa nRF8001.o
                0x0000022a                _ZN3NRF20dataHasBeenProcessedEv
 .text._ZN3NRF10isSleepingEv
                0x00000234        0xa nRF8001.o
                0x00000234                _ZN3NRF10isSleepingEv
 .text._ZN3NRF15isSystemCommandEh
                0x0000023e       0x14 nRF8001.o
                0x0000023e                _ZN3NRF15isSystemCommandEh
 .text._ZN3NRF4initEv
                0x00000252        0xa nRF8001.o
                0x00000252                _ZN3NRF4initEv
 .text._ZN3NRFC2Ev
                0x0000025c       0x1c nRF8001.o
                0x0000025c                _ZN3NRFC1Ev
                0x0000025c                _ZN3NRFC2Ev
 .text._ZN3NRF11clearTxDataEv
                0x00000278       0x16 nRF8001.o
                0x00000278                _ZN3NRF11clearTxDataEv
 .text._ZN3NRF13PrepareTxDataEhPhh
                0x0000028e       0xa2 nRF8001.o
                0x0000028e                _ZN3NRF13PrepareTxDataEhPhh
 .text._ZN3NRF10disconnectEh
                0x00000330       0x22 nRF8001.o
                0x00000330                _ZN3NRF10disconnectEh
 .text._ZN3NRF11requestDataEh
                0x00000352       0x3c nRF8001.o
                0x00000352                _ZN3NRF11requestDataEh
 .text._ZN3NRF13PrepareTxDataEhhPhh
                0x0000038e       0xa6 nRF8001.o
                0x0000038e                _ZN3NRF13PrepareTxDataEhhPhh
 .text._ZN3NRF12setLocalDataEhPhh
                0x00000434       0x12 nRF8001.o
                0x00000434                _ZN3NRF12setLocalDataEhPhh
 .text._ZN3NRF13PrepareTxDataEh
                0x00000446       0x66 nRF8001.o
                0x00000446                _ZN3NRF13PrepareTxDataEh
 .text._ZN3NRF5sleepEv
                0x000004ac       0x10 nRF8001.o
                0x000004ac                _ZN3NRF5sleepEv
 .text._ZN3NRF6wakeupEv
                0x000004bc        0x8 nRF8001.o
                0x000004bc                _ZN3NRF6wakeupEv
 .text._ZN3NRF7connectEjj
                0x000004c4       0x7e nRF8001.o
                0x000004c4                _ZN3NRF7connectEjj
 .text._ZN3NRF11transferACIEv
                0x00000542       0xf4 nRF8001.o
                0x00000542                _ZN3NRF11transferACIEv
 .text._ZN3NRF11clearRxDataEv
                0x00000636       0x16 nRF8001.o
                0x00000636                _ZN3NRF11clearRxDataEv
 .text._ZN3NRF22processCommandResponseEv
                0x0000064c       0xf4 nRF8001.o
                0x0000064c                _ZN3NRF22processCommandResponseEv
 .text._ZN3NRF7processEv
                0x00000740      0x1fc nRF8001.o
                0x00000740                _ZN3NRF7processEv
 .text._GLOBAL__sub_I_spi
                0x0000093c        0xc nRF8001.o
 .text._ZN6TIMER1C2Ehhj
                0x00000948       0x64 timer1.o
                0x00000948                _ZN6TIMER1C2Ehhj
                0x00000948                _ZN6TIMER1C1Ehhj
 .text._ZN6TIMER15startEv
                0x000009ac       0x18 timer1.o
                0x000009ac                _ZN6TIMER15startEv
 .text._ZN6TIMER117isCompareAFlagSetEv
                0x000009c4        0x8 timer1.o
                0x000009c4                _ZN6TIMER117isCompareAFlagSetEv
 .text._ZN6TIMER117clearCompareAFlagEv
                0x000009cc        0x4 timer1.o
                0x000009cc                _ZN6TIMER117clearCompareAFlagEv
 .text._ZN6TIMER18setCountEj
                0x000009d0        0xa timer1.o
                0x000009d0                _ZN6TIMER18setCountEj
 .text.main     0x000009da      0x342 SeniorProjectPulseOx.o
                0x000009da                main
 .text.__vector_1
                0x00000d1c       0x32 SeniorProjectPulseOx.o
                0x00000d1c                __vector_1
 .text._GLOBAL__sub_I_nrf
                0x00000d4e        0xa SeniorProjectPulseOx.o
 .text.libgcc   0x00000d58        0xc c:/program files/atmel/atmel toolchain/avr8 gcc/native/3.4.1061/avr8-gnu-toolchain/bin/../lib/gcc/avr/4.8.1/avr5\libgcc.a(_tablejump.o)
                0x00000d58                __tablejump2__
                0x00000d5c                __tablejump__
                0x00000d64                . = ALIGN (0x2)
 *(.fini9)
 .fini9         0x00000d64        0x0 c:/program files/atmel/atmel toolchain/avr8 gcc/native/3.4.1061/avr8-gnu-toolchain/bin/../lib/gcc/avr/4.8.1/avr5\libgcc.a(_exit.o)
                0x00000d64                _exit
                0x00000d64                exit
 *(.fini9)
 *(.fini8)
 *(.fini8)
 *(.fini7)
 *(.fini7)
 *(.fini6)
 *(.fini6)
 *(.fini5)
 *(.fini5)
 *(.fini4)
 *(.fini4)
 *(.fini3)
 *(.fini3)
 *(.fini2)
 *(.fini2)
 *(.fini1)
 *(.fini1)
 *(.fini0)
 .fini0         0x00000d64        0x4 c:/program files/atmel/atmel toolchain/avr8 gcc/native/3.4.1061/avr8-gnu-toolchain/bin/../lib/gcc/avr/4.8.1/avr5\libgcc.a(_exit.o)
 *(.fini0)
                0x00000d68                _etext = .

.data           0x00800100      0x274 load address 0x00000d68
                0x00800100                PROVIDE (__data_start, .)
 *(.data)
 *(.data*)
 *(.rodata)
 *(.rodata*)
 .rodata._ZL10setup_msgs
                0x00800100      0x273 nRF8001.o
 *(.gnu.linkonce.d*)
                0x00800374                . = ALIGN (0x2)
 *fill*         0x00800373        0x1 
                0x00800374                _edata = .
                0x00800374                PROVIDE (__data_end, .)

.bss            0x00800374       0x77
                0x00800374                PROVIDE (__bss_start, .)
 *(.bss)
 *(.bss*)
 .bss._ZL9initCount
                0x00800374        0x1 nRF8001.o
 .bss.spi       0x00800375        0x1 nRF8001.o
                0x00800375                spi
 .bss.buttonWasPressed
                0x00800376        0x1 SeniorProjectPulseOx.o
                0x00800376                buttonWasPressed
 .bss.nrf       0x00800377       0x74 SeniorProjectPulseOx.o
                0x00800377                nrf
 *(COMMON)
                0x008003eb                PROVIDE (__bss_end, .)
                0x00000d68                __data_load_start = LOADADDR (.data)
                0x00000fdc                __data_load_end = (__data_load_start + SIZEOF (.data))

.noinit         0x008003eb        0x0
                0x008003eb                PROVIDE (__noinit_start, .)
 *(.noinit*)
                0x008003eb                PROVIDE (__noinit_end, .)
                0x008003eb                _end = .
                0x008003eb                PROVIDE (__heap_start, .)

.eeprom         0x00810000        0x0
 *(.eeprom*)
                0x00810000                __eeprom_end = .

.fuse
 *(.fuse)
 *(.lfuse)
 *(.hfuse)
 *(.efuse)

.lock
 *(.lock*)

.signature
 *(.signature*)

.user_signatures
 *(.user_signatures*)

.stab
 *(.stab)

.stabstr
 *(.stabstr)

.stab.excl
 *(.stab.excl)

.stab.exclstr
 *(.stab.exclstr)

.stab.index
 *(.stab.index)

.stab.indexstr
 *(.stab.indexstr)

.comment        0x00000000       0x30
 *(.comment)
 .comment       0x00000000       0x30 myqADC.o
                                 0x31 (size before relaxing)
 .comment       0x00000000       0x31 myqspi.o
 .comment       0x00000000       0x31 nRF8001.o
 .comment       0x00000000       0x31 timer1.o
 .comment       0x00000000       0x31 SeniorProjectPulseOx.o

.note.gnu.build-id
 *(.note.gnu.build-id)

.debug
 *(.debug)

.line
 *(.line)

.debug_srcinfo
 *(.debug_srcinfo)

.debug_sfnames
 *(.debug_sfnames)

.debug_aranges  0x00000000      0x328
 *(.debug_aranges)
 .debug_aranges
                0x00000000       0x60 myqADC.o
 .debug_aranges
                0x00000060       0x68 myqspi.o
 .debug_aranges
                0x000000c8      0x1c8 nRF8001.o
 .debug_aranges
                0x00000290       0x60 timer1.o
 .debug_aranges
                0x000002f0       0x38 SeniorProjectPulseOx.o

.debug_pubnames
 *(.debug_pubnames)

.debug_info     0x00000000     0x42b1
 *(.debug_info .gnu.linkonce.wi.*)
 .debug_info    0x00000000      0x44d myqADC.o
 .debug_info    0x0000044d      0x523 myqspi.o
 .debug_info    0x00000970     0x22e4 nRF8001.o
 .debug_info    0x00002c54      0x3f6 timer1.o
 .debug_info    0x0000304a     0x1267 SeniorProjectPulseOx.o

.debug_abbrev   0x00000000      0xb4b
 *(.debug_abbrev)
 .debug_abbrev  0x00000000      0x1aa myqADC.o
 .debug_abbrev  0x000001aa      0x19d myqspi.o
 .debug_abbrev  0x00000347      0x313 nRF8001.o
 .debug_abbrev  0x0000065a      0x1a3 timer1.o
 .debug_abbrev  0x000007fd      0x34e SeniorProjectPulseOx.o

.debug_line     0x00000000      0xd20
 *(.debug_line .debug_line.* .debug_line_end)
 .debug_line    0x00000000      0x16a myqADC.o
 .debug_line    0x0000016a      0x17c myqspi.o
 .debug_line    0x000002e6      0x675 nRF8001.o
 .debug_line    0x0000095b      0x168 timer1.o
 .debug_line    0x00000ac3      0x25d SeniorProjectPulseOx.o

.debug_frame    0x00000000      0x7ec
 *(.debug_frame)
 .debug_frame   0x00000000       0xb0 myqADC.o
 .debug_frame   0x000000b0       0xb4 myqspi.o
 .debug_frame   0x00000164      0x55c nRF8001.o
 .debug_frame   0x000006c0       0xb4 timer1.o
 .debug_frame   0x00000774       0x78 SeniorProjectPulseOx.o

.debug_str      0x00000000     0x13b2
 *(.debug_str)
 .debug_str     0x00000000      0x283 myqADC.o
                                0x2b7 (size before relaxing)
 .debug_str     0x00000283      0x172 myqspi.o
                                0x2eb (size before relaxing)
 .debug_str     0x000003f5      0xd14 nRF8001.o
                                0xfd7 (size before relaxing)
 .debug_str     0x00001109      0x15b timer1.o
                                0x2f0 (size before relaxing)
 .debug_str     0x00001264      0x14e SeniorProjectPulseOx.o
                                0xd0d (size before relaxing)

.debug_loc      0x00000000     0x25bb
 *(.debug_loc)
 .debug_loc     0x00000000      0x227 myqADC.o
 .debug_loc     0x00000227      0x2e1 myqspi.o
 .debug_loc     0x00000508     0x1ca3 nRF8001.o
 .debug_loc     0x000021ab      0x10a timer1.o
 .debug_loc     0x000022b5      0x306 SeniorProjectPulseOx.o

.debug_macinfo
 *(.debug_macinfo)

.debug_weaknames
 *(.debug_weaknames)

.debug_funcnames
 *(.debug_funcnames)

.debug_typenames
 *(.debug_typenames)

.debug_varnames
 *(.debug_varnames)

.debug_pubtypes
 *(.debug_pubtypes)

.debug_ranges   0x00000000      0x308
 *(.debug_ranges)
 .debug_ranges  0x00000000       0x50 myqADC.o
 .debug_ranges  0x00000050       0x58 myqspi.o
 .debug_ranges  0x000000a8      0x1d0 nRF8001.o
 .debug_ranges  0x00000278       0x50 timer1.o
 .debug_ranges  0x000002c8       0x40 SeniorProjectPulseOx.o

.debug_macro
 *(.debug_macro)
OUTPUT(SeniorProjectPulseOx.elf elf32-avr)
LOAD linker stubs
