Archive member included because of file (symbol)

c:/program files (x86)/atmel/atmel toolchain/avr8 gcc/native/3.4.2.939/avr8-gnu-toolchain/bin/../lib/gcc/avr/4.7.2/avr5\libgcc.a(_exit.o)
                              c:/program files (x86)/atmel/atmel toolchain/avr8 gcc/native/3.4.2.939/avr8-gnu-toolchain/bin/../lib/gcc/avr/4.7.2/../../../../avr/lib/avr5/crtm168.o (exit)
c:/program files (x86)/atmel/atmel toolchain/avr8 gcc/native/3.4.2.939/avr8-gnu-toolchain/bin/../lib/gcc/avr/4.7.2/avr5\libgcc.a(_tablejump.o)
                              nRF8001.o (__tablejump2__)
c:/program files (x86)/atmel/atmel toolchain/avr8 gcc/native/3.4.2.939/avr8-gnu-toolchain/bin/../lib/gcc/avr/4.7.2/avr5\libgcc.a(_copy_data.o)
                              nRF8001.o (__do_copy_data)
c:/program files (x86)/atmel/atmel toolchain/avr8 gcc/native/3.4.2.939/avr8-gnu-toolchain/bin/../lib/gcc/avr/4.7.2/avr5\libgcc.a(_clear_bss.o)
                              23008LCD.o (__do_clear_bss)
c:/program files (x86)/atmel/atmel toolchain/avr8 gcc/native/3.4.2.939/avr8-gnu-toolchain/bin/../lib/gcc/avr/4.7.2/avr5\libgcc.a(_ctors.o)
                              nRF8001.o (__do_global_ctors)

Allocating common symbols
Common symbol       size              file

lcdX                0x1               23008LCD.o
delay               0x2               23008LCD.o
lcdY                0x1               23008LCD.o

Discarded input sections

 .bss           0x00000000        0x0 c:/program files (x86)/atmel/atmel toolchain/avr8 gcc/native/3.4.2.939/avr8-gnu-toolchain/bin/../lib/gcc/avr/4.7.2/../../../../avr/lib/avr5/crtm168.o
 .text          0x00000000        0x0 23008LCD.o
 .bss           0x00000000        0x0 23008LCD.o
 .text.lcdWriteNybble
                0x00000000       0x1c 23008LCD.o
 .text.lcdWrite
                0x00000000       0xaa 23008LCD.o
 .text.lcdPutch
                0x00000000        0xa 23008LCD.o
 .text.lcdClearDisplay
                0x00000000       0x2e 23008LCD.o
 .text.lcdInit  0x00000000       0x98 23008LCD.o
 .text.lcdDisplayState
                0x00000000       0x18 23008LCD.o
 .text.lcdGoto  0x00000000       0x54 23008LCD.o
 .text.lcdPuts  0x00000000       0x84 23008LCD.o
 .text.makeCheckerboard
                0x00000000       0x5e 23008LCD.o
 .text.makeMY   0x00000000       0x5e 23008LCD.o
 .text.makeHeart
                0x00000000       0x5e 23008LCD.o
 .text.makeUpArrow
                0x00000000       0x5e 23008LCD.o
 .text.makeDownArrow
                0x00000000       0x5e 23008LCD.o
 .text.AssignCustomCharacters
                0x00000000        0xe 23008LCD.o
 .text.LED1on   0x00000000       0x12 23008LCD.o
 .text.LED1off  0x00000000       0x12 23008LCD.o
 .text.LED2on   0x00000000       0x12 23008LCD.o
 .text.LED2off  0x00000000       0x12 23008LCD.o
 .text.toggleLED1
                0x00000000       0x14 23008LCD.o
 .text.toggleLED2
                0x00000000       0x14 23008LCD.o
 .bss.toLCD     0x00000000        0x1 23008LCD.o
 COMMON         0x00000000        0x4 23008LCD.o
 .text          0x00000000        0x0 myqADC.o
 .bss           0x00000000        0x0 myqADC.o
 .text.readADC  0x00000000       0x12 myqADC.o
 .text.ADCoff   0x00000000        0xc myqADC.o
 .text          0x00000000        0x0 myqI2C.o
 .bss           0x00000000        0x0 myqI2C.o
 .text.i2c_init
                0x00000000        0xc myqI2C.o
 .text.i2c_start
                0x00000000       0x4e myqI2C.o
 .text.i2c_start_wait
                0x00000000       0x50 myqI2C.o
 .text.i2c_rep_start
                0x00000000        0x6 myqI2C.o
 .text.i2c_stop
                0x00000000       0x12 myqI2C.o
 .text.i2c_write
                0x00000000       0x24 myqI2C.o
 .text.i2c_readAck
                0x00000000       0x16 myqI2C.o
 .text.i2c_readNak
                0x00000000       0x16 myqI2C.o
 .text          0x00000000        0x0 myqspi.o
 .bss           0x00000000        0x0 myqspi.o
 .text._ZN3SPIC2Ev
                0x00000000        0x8 myqspi.o
 .text._ZN3SPI4readEPhh
                0x00000000       0x20 myqspi.o
 .text._ZN3SPI5writeEPhh
                0x00000000       0x1e myqspi.o
 .text._ZN3SPI11setBitOrderEh
                0x00000000       0x22 myqspi.o
 .text._ZN3SPI15setClockDividerEh
                0x00000000       0x1a myqspi.o
 .text._ZN3SPI11setDataModeEh
                0x00000000       0x10 myqspi.o
 .text          0x00000000        0x0 nRF8001.o
 .bss           0x00000000        0x0 nRF8001.o
 .text._ZN3NRF8isBondedEv
                0x00000000        0xc nRF8001.o
 .text._ZN3NRF26isServiceDiscoveryFinishedEv
                0x00000000        0xc nRF8001.o
 .text._ZN3NRF15directedConnectEv
                0x00000000        0x8 nRF8001.o
 .text._ZN3NRF19bondSecurityRequestEv
                0x00000000        0x8 nRF8001.o
 .text._ZN3NRF19changeTimingRequestEv
                0x00000000        0x8 nRF8001.o
 .text._ZN3NRF14getTemperatureEv
                0x00000000        0x8 nRF8001.o
 .text._ZN3NRF15getBatteryLevelEv
                0x00000000        0x8 nRF8001.o
 .text._ZN3NRF16getDeviceAddressEv
                0x00000000        0x8 nRF8001.o
 .text._ZN3NRF16getDeviceVersionEv
                0x00000000        0x8 nRF8001.o
 .text._ZN3NRF15readDynamicDataEv
                0x00000000        0x8 nRF8001.o
 .text._ZN3NRF6wakeupEv
                0x00000000        0x8 nRF8001.o
 .text._ZN3NRF5sleepEv
                0x00000000        0x8 nRF8001.o
 .text._ZN3NRF12sendDataNackEhh
                0x00000000       0x42 nRF8001.o
 .text._ZN3NRF8sendDataEhPhh
                0x00000000       0x2a nRF8001.o
 .text._ZN3NRF6setKeyEPh
                0x00000000       0x12 nRF8001.o
 .text._ZN3NRF16writeDynamicDataEhPhh
                0x00000000       0x14 nRF8001.o
 .text._ZN3NRF11sendDataAckEh
                0x00000000       0x3c nRF8001.o
 .text._ZN3NRF15closeRemotePipeEh
                0x00000000       0x22 nRF8001.o
 .text._ZN3NRF9broadcastEjj
                0x00000000       0x30 nRF8001.o
 .text._ZN3NRF11openAdvPipeEPh
                0x00000000        0xc nRF8001.o
 .text._ZN3NRF9rejectKeyEv
                0x00000000       0x22 nRF8001.o
 .text._ZN3NRF14setApplLatencyEhj
                0x00000000       0x2c nRF8001.o
 .text._ZN3NRF14openRemotePipeEh
                0x00000000       0x22 nRF8001.o
 .text._ZN3NRF19changeTimingRequestEjjjj
                0x00000000       0x4c nRF8001.o
 .text._ZN3NRF10setTxPowerEh
                0x00000000       0x22 nRF8001.o
 .text._ZN3NRF10disconnectEh
                0x00000000       0x22 nRF8001.o
 .text._ZN3NRF4bondEjj
                0x00000000       0x30 nRF8001.o
 .text._ZN3NRF10DTMcommandEj
                0x00000000       0x26 nRF8001.o
 .text._ZN3NRF4echoEPhh
                0x00000000        0xc nRF8001.o
 .text._ZN3NRF4testEh
                0x00000000       0x22 nRF8001.o
 .text          0x00000000        0x0 portexpander.o
 .bss           0x00000000        0x0 portexpander.o
 .text.Write23008
                0x00000000       0x24 portexpander.o
 .text.Read23008
                0x00000000       0x26 portexpander.o
 .text.Init23008
                0x00000000        0x6 portexpander.o
 .text          0x00000000        0x0 timer1.o
 .bss           0x00000000        0x0 timer1.o
 .text.stopTimer1
                0x00000000        0xa timer1.o
 .text          0x00000000        0x0 SeniorProjectPulseOx.o
 .bss           0x00000000        0x0 SeniorProjectPulseOx.o
 .text._Z12SetSleepModeh
                0x00000000       0x1e SeniorProjectPulseOx.o
 .text          0x00000000        0x0 c:/program files (x86)/atmel/atmel toolchain/avr8 gcc/native/3.4.2.939/avr8-gnu-toolchain/bin/../lib/gcc/avr/4.7.2/avr5\libgcc.a(_exit.o)
 .bss           0x00000000        0x0 c:/program files (x86)/atmel/atmel toolchain/avr8 gcc/native/3.4.2.939/avr8-gnu-toolchain/bin/../lib/gcc/avr/4.7.2/avr5\libgcc.a(_exit.o)
 .text.libgcc.mul
                0x00000000        0x0 c:/program files (x86)/atmel/atmel toolchain/avr8 gcc/native/3.4.2.939/avr8-gnu-toolchain/bin/../lib/gcc/avr/4.7.2/avr5\libgcc.a(_exit.o)
 .text.libgcc.div
                0x00000000        0x0 c:/program files (x86)/atmel/atmel toolchain/avr8 gcc/native/3.4.2.939/avr8-gnu-toolchain/bin/../lib/gcc/avr/4.7.2/avr5\libgcc.a(_exit.o)
 .text.libgcc   0x00000000        0x0 c:/program files (x86)/atmel/atmel toolchain/avr8 gcc/native/3.4.2.939/avr8-gnu-toolchain/bin/../lib/gcc/avr/4.7.2/avr5\libgcc.a(_exit.o)
 .text.libgcc.prologue
                0x00000000        0x0 c:/program files (x86)/atmel/atmel toolchain/avr8 gcc/native/3.4.2.939/avr8-gnu-toolchain/bin/../lib/gcc/avr/4.7.2/avr5\libgcc.a(_exit.o)
 .text.libgcc.builtins
                0x00000000        0x0 c:/program files (x86)/atmel/atmel toolchain/avr8 gcc/native/3.4.2.939/avr8-gnu-toolchain/bin/../lib/gcc/avr/4.7.2/avr5\libgcc.a(_exit.o)
 .text.libgcc.fmul
                0x00000000        0x0 c:/program files (x86)/atmel/atmel toolchain/avr8 gcc/native/3.4.2.939/avr8-gnu-toolchain/bin/../lib/gcc/avr/4.7.2/avr5\libgcc.a(_exit.o)
 .text          0x00000000        0x0 c:/program files (x86)/atmel/atmel toolchain/avr8 gcc/native/3.4.2.939/avr8-gnu-toolchain/bin/../lib/gcc/avr/4.7.2/avr5\libgcc.a(_tablejump.o)
 .bss           0x00000000        0x0 c:/program files (x86)/atmel/atmel toolchain/avr8 gcc/native/3.4.2.939/avr8-gnu-toolchain/bin/../lib/gcc/avr/4.7.2/avr5\libgcc.a(_tablejump.o)
 .text.libgcc.mul
                0x00000000        0x0 c:/program files (x86)/atmel/atmel toolchain/avr8 gcc/native/3.4.2.939/avr8-gnu-toolchain/bin/../lib/gcc/avr/4.7.2/avr5\libgcc.a(_tablejump.o)
 .text.libgcc.div
                0x00000000        0x0 c:/program files (x86)/atmel/atmel toolchain/avr8 gcc/native/3.4.2.939/avr8-gnu-toolchain/bin/../lib/gcc/avr/4.7.2/avr5\libgcc.a(_tablejump.o)
 .text.libgcc.prologue
                0x00000000        0x0 c:/program files (x86)/atmel/atmel toolchain/avr8 gcc/native/3.4.2.939/avr8-gnu-toolchain/bin/../lib/gcc/avr/4.7.2/avr5\libgcc.a(_tablejump.o)
 .text.libgcc.builtins
                0x00000000        0x0 c:/program files (x86)/atmel/atmel toolchain/avr8 gcc/native/3.4.2.939/avr8-gnu-toolchain/bin/../lib/gcc/avr/4.7.2/avr5\libgcc.a(_tablejump.o)
 .text.libgcc.fmul
                0x00000000        0x0 c:/program files (x86)/atmel/atmel toolchain/avr8 gcc/native/3.4.2.939/avr8-gnu-toolchain/bin/../lib/gcc/avr/4.7.2/avr5\libgcc.a(_tablejump.o)
 .text          0x00000000        0x0 c:/program files (x86)/atmel/atmel toolchain/avr8 gcc/native/3.4.2.939/avr8-gnu-toolchain/bin/../lib/gcc/avr/4.7.2/avr5\libgcc.a(_copy_data.o)
 .bss           0x00000000        0x0 c:/program files (x86)/atmel/atmel toolchain/avr8 gcc/native/3.4.2.939/avr8-gnu-toolchain/bin/../lib/gcc/avr/4.7.2/avr5\libgcc.a(_copy_data.o)
 .text.libgcc.mul
                0x00000000        0x0 c:/program files (x86)/atmel/atmel toolchain/avr8 gcc/native/3.4.2.939/avr8-gnu-toolchain/bin/../lib/gcc/avr/4.7.2/avr5\libgcc.a(_copy_data.o)
 .text.libgcc.div
                0x00000000        0x0 c:/program files (x86)/atmel/atmel toolchain/avr8 gcc/native/3.4.2.939/avr8-gnu-toolchain/bin/../lib/gcc/avr/4.7.2/avr5\libgcc.a(_copy_data.o)
 .text.libgcc   0x00000000        0x0 c:/program files (x86)/atmel/atmel toolchain/avr8 gcc/native/3.4.2.939/avr8-gnu-toolchain/bin/../lib/gcc/avr/4.7.2/avr5\libgcc.a(_copy_data.o)
 .text.libgcc.prologue
                0x00000000        0x0 c:/program files (x86)/atmel/atmel toolchain/avr8 gcc/native/3.4.2.939/avr8-gnu-toolchain/bin/../lib/gcc/avr/4.7.2/avr5\libgcc.a(_copy_data.o)
 .text.libgcc.builtins
                0x00000000        0x0 c:/program files (x86)/atmel/atmel toolchain/avr8 gcc/native/3.4.2.939/avr8-gnu-toolchain/bin/../lib/gcc/avr/4.7.2/avr5\libgcc.a(_copy_data.o)
 .text.libgcc.fmul
                0x00000000        0x0 c:/program files (x86)/atmel/atmel toolchain/avr8 gcc/native/3.4.2.939/avr8-gnu-toolchain/bin/../lib/gcc/avr/4.7.2/avr5\libgcc.a(_copy_data.o)
 .text          0x00000000        0x0 c:/program files (x86)/atmel/atmel toolchain/avr8 gcc/native/3.4.2.939/avr8-gnu-toolchain/bin/../lib/gcc/avr/4.7.2/avr5\libgcc.a(_clear_bss.o)
 .bss           0x00000000        0x0 c:/program files (x86)/atmel/atmel toolchain/avr8 gcc/native/3.4.2.939/avr8-gnu-toolchain/bin/../lib/gcc/avr/4.7.2/avr5\libgcc.a(_clear_bss.o)
 .text.libgcc.mul
                0x00000000        0x0 c:/program files (x86)/atmel/atmel toolchain/avr8 gcc/native/3.4.2.939/avr8-gnu-toolchain/bin/../lib/gcc/avr/4.7.2/avr5\libgcc.a(_clear_bss.o)
 .text.libgcc.div
                0x00000000        0x0 c:/program files (x86)/atmel/atmel toolchain/avr8 gcc/native/3.4.2.939/avr8-gnu-toolchain/bin/../lib/gcc/avr/4.7.2/avr5\libgcc.a(_clear_bss.o)
 .text.libgcc   0x00000000        0x0 c:/program files (x86)/atmel/atmel toolchain/avr8 gcc/native/3.4.2.939/avr8-gnu-toolchain/bin/../lib/gcc/avr/4.7.2/avr5\libgcc.a(_clear_bss.o)
 .text.libgcc.prologue
                0x00000000        0x0 c:/program files (x86)/atmel/atmel toolchain/avr8 gcc/native/3.4.2.939/avr8-gnu-toolchain/bin/../lib/gcc/avr/4.7.2/avr5\libgcc.a(_clear_bss.o)
 .text.libgcc.builtins
                0x00000000        0x0 c:/program files (x86)/atmel/atmel toolchain/avr8 gcc/native/3.4.2.939/avr8-gnu-toolchain/bin/../lib/gcc/avr/4.7.2/avr5\libgcc.a(_clear_bss.o)
 .text.libgcc.fmul
                0x00000000        0x0 c:/program files (x86)/atmel/atmel toolchain/avr8 gcc/native/3.4.2.939/avr8-gnu-toolchain/bin/../lib/gcc/avr/4.7.2/avr5\libgcc.a(_clear_bss.o)
 .text          0x00000000        0x0 c:/program files (x86)/atmel/atmel toolchain/avr8 gcc/native/3.4.2.939/avr8-gnu-toolchain/bin/../lib/gcc/avr/4.7.2/avr5\libgcc.a(_ctors.o)
 .bss           0x00000000        0x0 c:/program files (x86)/atmel/atmel toolchain/avr8 gcc/native/3.4.2.939/avr8-gnu-toolchain/bin/../lib/gcc/avr/4.7.2/avr5\libgcc.a(_ctors.o)
 .text.libgcc.mul
                0x00000000        0x0 c:/program files (x86)/atmel/atmel toolchain/avr8 gcc/native/3.4.2.939/avr8-gnu-toolchain/bin/../lib/gcc/avr/4.7.2/avr5\libgcc.a(_ctors.o)
 .text.libgcc.div
                0x00000000        0x0 c:/program files (x86)/atmel/atmel toolchain/avr8 gcc/native/3.4.2.939/avr8-gnu-toolchain/bin/../lib/gcc/avr/4.7.2/avr5\libgcc.a(_ctors.o)
 .text.libgcc   0x00000000        0x0 c:/program files (x86)/atmel/atmel toolchain/avr8 gcc/native/3.4.2.939/avr8-gnu-toolchain/bin/../lib/gcc/avr/4.7.2/avr5\libgcc.a(_ctors.o)
 .text.libgcc.prologue
                0x00000000        0x0 c:/program files (x86)/atmel/atmel toolchain/avr8 gcc/native/3.4.2.939/avr8-gnu-toolchain/bin/../lib/gcc/avr/4.7.2/avr5\libgcc.a(_ctors.o)
 .text.libgcc.builtins
                0x00000000        0x0 c:/program files (x86)/atmel/atmel toolchain/avr8 gcc/native/3.4.2.939/avr8-gnu-toolchain/bin/../lib/gcc/avr/4.7.2/avr5\libgcc.a(_ctors.o)
 .text.libgcc.fmul
                0x00000000        0x0 c:/program files (x86)/atmel/atmel toolchain/avr8 gcc/native/3.4.2.939/avr8-gnu-toolchain/bin/../lib/gcc/avr/4.7.2/avr5\libgcc.a(_ctors.o)

Memory Configuration

Name             Origin             Length             Attributes
text             0x00000000         0x00020000         xr
data             0x00800060         0x0000ffa0         rw !x
eeprom           0x00810000         0x00010000         rw !x
fuse             0x00820000         0x00000400         rw !x
lock             0x00830000         0x00000400         rw !x
signature        0x00840000         0x00000400         rw !x
user_signatures  0x00850000         0x00000400         rw !x
*default*        0x00000000         0xffffffff

Linker script and memory map

Address of section .data set to 0x800100
LOAD c:/program files (x86)/atmel/atmel toolchain/avr8 gcc/native/3.4.2.939/avr8-gnu-toolchain/bin/../lib/gcc/avr/4.7.2/../../../../avr/lib/avr5/crtm168.o
LOAD 23008LCD.o
LOAD myqADC.o
LOAD myqI2C.o
LOAD myqspi.o
LOAD nRF8001.o
LOAD portexpander.o
LOAD timer1.o
LOAD SeniorProjectPulseOx.o
START GROUP
LOAD c:/program files (x86)/atmel/atmel toolchain/avr8 gcc/native/3.4.2.939/avr8-gnu-toolchain/bin/../lib/gcc/avr/4.7.2/../../../../avr/lib/avr5\libm.a
END GROUP
LOAD c:/program files (x86)/atmel/atmel toolchain/avr8 gcc/native/3.4.2.939/avr8-gnu-toolchain/bin/../lib/gcc/avr/4.7.2/avr5\libgcc.a
LOAD c:/program files (x86)/atmel/atmel toolchain/avr8 gcc/native/3.4.2.939/avr8-gnu-toolchain/bin/../lib/gcc/avr/4.7.2/../../../../avr/lib/avr5\libm.a
LOAD c:/program files (x86)/atmel/atmel toolchain/avr8 gcc/native/3.4.2.939/avr8-gnu-toolchain/bin/../lib/gcc/avr/4.7.2/avr5\libgcc.a
LOAD c:/program files (x86)/atmel/atmel toolchain/avr8 gcc/native/3.4.2.939/avr8-gnu-toolchain/bin/../lib/gcc/avr/4.7.2/../../../../avr/lib/avr5\libc.a
LOAD c:/program files (x86)/atmel/atmel toolchain/avr8 gcc/native/3.4.2.939/avr8-gnu-toolchain/bin/../lib/gcc/avr/4.7.2/avr5\libgcc.a

.hash
 *(.hash)

.dynsym
 *(.dynsym)

.dynstr
 *(.dynstr)

.gnu.version
 *(.gnu.version)

.gnu.version_d
 *(.gnu.version_d)

.gnu.version_r
 *(.gnu.version_r)

.rel.init
 *(.rel.init)

.rela.init
 *(.rela.init)

.rel.text
 *(.rel.text)
 *(.rel.text.*)
 *(.rel.gnu.linkonce.t*)

.rela.text
 *(.rela.text)
 *(.rela.text.*)
 *(.rela.gnu.linkonce.t*)

.rel.fini
 *(.rel.fini)

.rela.fini
 *(.rela.fini)

.rel.rodata
 *(.rel.rodata)
 *(.rel.rodata.*)
 *(.rel.gnu.linkonce.r*)

.rela.rodata
 *(.rela.rodata)
 *(.rela.rodata.*)
 *(.rela.gnu.linkonce.r*)

.rel.data
 *(.rel.data)
 *(.rel.data.*)
 *(.rel.gnu.linkonce.d*)

.rela.data
 *(.rela.data)
 *(.rela.data.*)
 *(.rela.gnu.linkonce.d*)

.rel.ctors
 *(.rel.ctors)

.rela.ctors
 *(.rela.ctors)

.rel.dtors
 *(.rel.dtors)

.rela.dtors
 *(.rela.dtors)

.rel.got
 *(.rel.got)

.rela.got
 *(.rela.got)

.rel.bss
 *(.rel.bss)

.rela.bss
 *(.rela.bss)

.rel.plt
 *(.rel.plt)

.rela.plt
 *(.rela.plt)

.text           0x00000000      0xb84
 *(.vectors)
 .vectors       0x00000000       0x68 c:/program files (x86)/atmel/atmel toolchain/avr8 gcc/native/3.4.2.939/avr8-gnu-toolchain/bin/../lib/gcc/avr/4.7.2/../../../../avr/lib/avr5/crtm168.o
                0x00000000                __vector_default
                0x00000000                __vectors
 *(.vectors)
 *(.progmem.gcc*)
 .progmem.gcc_sw_table._ZN3NRF22processCommandResponseEv
                0x00000068       0x3c nRF8001.o
 *(.progmem*)
                0x000000a4                . = ALIGN (0x2)
                0x000000a4                __trampolines_start = .
 *(.trampolines)
 .trampolines   0x000000a4        0x0 linker stubs
 *(.trampolines*)
                0x000000a4                __trampolines_end = .
 *(.jumptables)
 *(.jumptables*)
 *(.lowtext)
 *(.lowtext*)
                0x000000a4                __ctors_start = .
 *(.ctors)
 .ctors         0x000000a4        0x2 nRF8001.o
 .ctors         0x000000a6        0x2 SeniorProjectPulseOx.o
                0x000000a8                __ctors_end = .
                0x000000a8                __dtors_start = .
 *(.dtors)
                0x000000a8                __dtors_end = .
 SORT(*)(.ctors)
 SORT(*)(.dtors)
 *(.init0)
 .init0         0x000000a8        0x0 c:/program files (x86)/atmel/atmel toolchain/avr8 gcc/native/3.4.2.939/avr8-gnu-toolchain/bin/../lib/gcc/avr/4.7.2/../../../../avr/lib/avr5/crtm168.o
                0x000000a8                __init
 *(.init0)
 *(.init1)
 *(.init1)
 *(.init2)
 .init2         0x000000a8        0xc c:/program files (x86)/atmel/atmel toolchain/avr8 gcc/native/3.4.2.939/avr8-gnu-toolchain/bin/../lib/gcc/avr/4.7.2/../../../../avr/lib/avr5/crtm168.o
 *(.init2)
 *(.init3)
 *(.init3)
 *(.init4)
 .init4         0x000000b4       0x16 c:/program files (x86)/atmel/atmel toolchain/avr8 gcc/native/3.4.2.939/avr8-gnu-toolchain/bin/../lib/gcc/avr/4.7.2/avr5\libgcc.a(_copy_data.o)
                0x000000b4                __do_copy_data
 .init4         0x000000ca       0x10 c:/program files (x86)/atmel/atmel toolchain/avr8 gcc/native/3.4.2.939/avr8-gnu-toolchain/bin/../lib/gcc/avr/4.7.2/avr5\libgcc.a(_clear_bss.o)
                0x000000ca                __do_clear_bss
 *(.init4)
 *(.init5)
 *(.init5)
 *(.init6)
 .init6         0x000000da       0x16 c:/program files (x86)/atmel/atmel toolchain/avr8 gcc/native/3.4.2.939/avr8-gnu-toolchain/bin/../lib/gcc/avr/4.7.2/avr5\libgcc.a(_ctors.o)
                0x000000da                __do_global_ctors
 *(.init6)
 *(.init7)
 *(.init7)
 *(.init8)
 *(.init8)
 *(.init9)
 .init9         0x000000f0        0x8 c:/program files (x86)/atmel/atmel toolchain/avr8 gcc/native/3.4.2.939/avr8-gnu-toolchain/bin/../lib/gcc/avr/4.7.2/../../../../avr/lib/avr5/crtm168.o
 *(.init9)
 *(.text)
 .text          0x000000f8        0x4 c:/program files (x86)/atmel/atmel toolchain/avr8 gcc/native/3.4.2.939/avr8-gnu-toolchain/bin/../lib/gcc/avr/4.7.2/../../../../avr/lib/avr5/crtm168.o
                0x000000f8                __vector_22
                0x000000f8                __vector_1
                0x000000f8                __vector_24
                0x000000f8                __vector_12
                0x000000f8                __bad_interrupt
                0x000000f8                __vector_6
                0x000000f8                __vector_3
                0x000000f8                __vector_23
                0x000000f8                __vector_25
                0x000000f8                __vector_11
                0x000000f8                __vector_13
                0x000000f8                __vector_17
                0x000000f8                __vector_19
                0x000000f8                __vector_7
                0x000000f8                __vector_5
                0x000000f8                __vector_4
                0x000000f8                __vector_9
                0x000000f8                __vector_2
                0x000000f8                __vector_21
                0x000000f8                __vector_15
                0x000000f8                __vector_8
                0x000000f8                __vector_14
                0x000000f8                __vector_10
                0x000000f8                __vector_16
                0x000000f8                __vector_18
                0x000000f8                __vector_20
                0x000000fc                . = ALIGN (0x2)
 *(.text.*)
 .text.initADC  0x000000fc       0x2e myqADC.o
                0x000000fc                initADC
 .text.startADC
                0x0000012a       0x10 myqADC.o
                0x0000012a                startADC
 .text.isADCfinished
                0x0000013a       0x10 myqADC.o
                0x0000013a                isADCfinished
 .text.clearADCinterrupt
                0x0000014a        0xc myqADC.o
                0x0000014a                clearADCinterrupt
 .text._ZN3SPI4initEh
                0x00000156       0x1a myqspi.o
                0x00000156                _ZN3SPI4initEh
 .text._ZN3SPIC2Eh
                0x00000170        0x6 myqspi.o
                0x00000170                _ZN3SPIC1Eh
                0x00000170                _ZN3SPIC2Eh
 .text._ZN3SPI8transferEPhS0_h
                0x00000176       0x26 myqspi.o
                0x00000176                _ZN3SPI8transferEPhS0_h
 .text._ZN3SPI13transfer1byteEh
                0x0000019c        0xc myqspi.o
                0x0000019c                _ZN3SPI13transfer1byteEh
 .text._ZN3NRF14isInitializingEv
                0x000001a8       0x12 nRF8001.o
                0x000001a8                _ZN3NRF14isInitializingEv
 .text._ZN3NRF13hasDataToSendEv
                0x000001ba        0xc nRF8001.o
                0x000001ba                _ZN3NRF13hasDataToSendEv
 .text._ZN3NRF20isReadyToReceiveDataEv
                0x000001c6        0xc nRF8001.o
                0x000001c6                _ZN3NRF20isReadyToReceiveDataEv
 .text._ZN3NRF18waitingForResponseEv
                0x000001d2        0xa nRF8001.o
                0x000001d2                _ZN3NRF18waitingForResponseEv
 .text._ZN3NRF11isConnectedEv
                0x000001dc        0xc nRF8001.o
                0x000001dc                _ZN3NRF11isConnectedEv
 .text._ZN3NRF16hasDataToProcessEv
                0x000001e8        0xc nRF8001.o
                0x000001e8                _ZN3NRF16hasDataToProcessEv
 .text._ZN3NRF20dataHasBeenProcessedEv
                0x000001f4        0xa nRF8001.o
                0x000001f4                _ZN3NRF20dataHasBeenProcessedEv
 .text._ZN3NRF15isSystemCommandEh
                0x000001fe       0x2a nRF8001.o
                0x000001fe                _ZN3NRF15isSystemCommandEh
 .text._ZN3NRF4initEv
                0x00000228        0xa nRF8001.o
                0x00000228                _ZN3NRF4initEv
 .text._ZN3NRFC2Ev
                0x00000232       0x18 nRF8001.o
                0x00000232                _ZN3NRFC1Ev
                0x00000232                _ZN3NRFC2Ev
 .text._ZN3NRF11clearTxDataEv
                0x0000024a       0x16 nRF8001.o
                0x0000024a                _ZN3NRF11clearTxDataEv
 .text._ZN3NRF11transferACIEv
                0x00000260       0xf4 nRF8001.o
                0x00000260                _ZN3NRF11transferACIEv
 .text._ZN3NRF7connectEjj
                0x00000354       0x7a nRF8001.o
                0x00000354                _ZN3NRF7connectEjj
 .text._ZN3NRF13PrepareTxDataEh
                0x000003ce       0x62 nRF8001.o
                0x000003ce                _ZN3NRF13PrepareTxDataEh
 .text._ZN3NRF10radioResetEv
                0x00000430        0x8 nRF8001.o
                0x00000430                _ZN3NRF10radioResetEv
 .text._ZN3NRF13PrepareTxDataEhhPhh
                0x00000438       0xa2 nRF8001.o
                0x00000438                _ZN3NRF13PrepareTxDataEhhPhh
 .text._ZN3NRF12setLocalDataEhPhh
                0x000004da       0x12 nRF8001.o
                0x000004da                _ZN3NRF12setLocalDataEhPhh
 .text._ZN3NRF13PrepareTxDataEhPhh
                0x000004ec       0x9e nRF8001.o
                0x000004ec                _ZN3NRF13PrepareTxDataEhPhh
 .text._ZN3NRF11requestDataEh
                0x0000058a       0x3c nRF8001.o
                0x0000058a                _ZN3NRF11requestDataEh
 .text._ZN3NRF11clearRxDataEv
                0x000005c6       0x16 nRF8001.o
                0x000005c6                _ZN3NRF11clearRxDataEv
 .text._ZN3NRF22processCommandResponseEv
                0x000005dc       0xf2 nRF8001.o
                0x000005dc                _ZN3NRF22processCommandResponseEv
 .text._ZN3NRF7processEv
                0x000006ce      0x21c nRF8001.o
                0x000006ce                _ZN3NRF7processEv
 .text._GLOBAL__sub_I_spi
                0x000008ea        0xc nRF8001.o
 .text.initTimer1
                0x000008f6       0x44 timer1.o
                0x000008f6                initTimer1
 .text.isTimer1FlagSet
                0x0000093a        0x8 timer1.o
                0x0000093a                isTimer1FlagSet
 .text.clearTimer1Flag
                0x00000942        0x4 timer1.o
                0x00000942                clearTimer1Flag
 .text.startTimer1
                0x00000946        0x2 timer1.o
                0x00000946                startTimer1
 .text._Z4initv
                0x00000948       0x26 SeniorProjectPulseOx.o
                0x00000948                _Z4initv
 .text.main     0x0000096e      0x1fc SeniorProjectPulseOx.o
                0x0000096e                main
 .text._GLOBAL__sub_I_nrf
                0x00000b6a        0xa SeniorProjectPulseOx.o
 .text.libgcc   0x00000b74        0xc c:/program files (x86)/atmel/atmel toolchain/avr8 gcc/native/3.4.2.939/avr8-gnu-toolchain/bin/../lib/gcc/avr/4.7.2/avr5\libgcc.a(_tablejump.o)
                0x00000b74                __tablejump2__
                0x00000b78                __tablejump__
                0x00000b80                . = ALIGN (0x2)
 *(.fini9)
 .fini9         0x00000b80        0x0 c:/program files (x86)/atmel/atmel toolchain/avr8 gcc/native/3.4.2.939/avr8-gnu-toolchain/bin/../lib/gcc/avr/4.7.2/avr5\libgcc.a(_exit.o)
                0x00000b80                _exit
                0x00000b80                exit
 *(.fini9)
 *(.fini8)
 *(.fini8)
 *(.fini7)
 *(.fini7)
 *(.fini6)
 *(.fini6)
 *(.fini5)
 *(.fini5)
 *(.fini4)
 *(.fini4)
 *(.fini3)
 *(.fini3)
 *(.fini2)
 *(.fini2)
 *(.fini1)
 *(.fini1)
 *(.fini0)
 .fini0         0x00000b80        0x4 c:/program files (x86)/atmel/atmel toolchain/avr8 gcc/native/3.4.2.939/avr8-gnu-toolchain/bin/../lib/gcc/avr/4.7.2/avr5\libgcc.a(_exit.o)
 *(.fini0)
                0x00000b84                _etext = .

.data           0x00800100      0x27a load address 0x00000b84
                0x00800100                PROVIDE (__data_start, .)
 *(.data)
 .data          0x00800100        0x0 c:/program files (x86)/atmel/atmel toolchain/avr8 gcc/native/3.4.2.939/avr8-gnu-toolchain/bin/../lib/gcc/avr/4.7.2/../../../../avr/lib/avr5/crtm168.o
 .data          0x00800100        0x0 23008LCD.o
 .data          0x00800100        0x0 myqADC.o
 .data          0x00800100        0x0 myqI2C.o
 .data          0x00800100        0x0 myqspi.o
 .data          0x00800100        0x0 nRF8001.o
 .data          0x00800100        0x0 portexpander.o
 .data          0x00800100        0x0 timer1.o
 .data          0x00800100        0x0 SeniorProjectPulseOx.o
 .data          0x00800100        0x0 c:/program files (x86)/atmel/atmel toolchain/avr8 gcc/native/3.4.2.939/avr8-gnu-toolchain/bin/../lib/gcc/avr/4.7.2/avr5\libgcc.a(_exit.o)
 .data          0x00800100        0x0 c:/program files (x86)/atmel/atmel toolchain/avr8 gcc/native/3.4.2.939/avr8-gnu-toolchain/bin/../lib/gcc/avr/4.7.2/avr5\libgcc.a(_tablejump.o)
 .data          0x00800100        0x0 c:/program files (x86)/atmel/atmel toolchain/avr8 gcc/native/3.4.2.939/avr8-gnu-toolchain/bin/../lib/gcc/avr/4.7.2/avr5\libgcc.a(_copy_data.o)
 .data          0x00800100        0x0 c:/program files (x86)/atmel/atmel toolchain/avr8 gcc/native/3.4.2.939/avr8-gnu-toolchain/bin/../lib/gcc/avr/4.7.2/avr5\libgcc.a(_clear_bss.o)
 .data          0x00800100        0x0 c:/program files (x86)/atmel/atmel toolchain/avr8 gcc/native/3.4.2.939/avr8-gnu-toolchain/bin/../lib/gcc/avr/4.7.2/avr5\libgcc.a(_ctors.o)
 *(.data*)
 *(.rodata)
 .rodata        0x00800100        0x7 SeniorProjectPulseOx.o
 *(.rodata*)
 .rodata._ZL10setup_msgs
                0x00800107      0x273 nRF8001.o
 *(.gnu.linkonce.d*)
                0x0080037a                . = ALIGN (0x2)
                0x0080037a                _edata = .
                0x0080037a                PROVIDE (__data_end, .)

.bss            0x0080037a       0x76
                0x0080037a                PROVIDE (__bss_start, .)
 *(.bss)
 *(.bss*)
 .bss.spi       0x0080037a        0x1 nRF8001.o
                0x0080037a                spi
 .bss._ZL9initCount
                0x0080037b        0x1 nRF8001.o
 .bss.nrf       0x0080037c       0x74 SeniorProjectPulseOx.o
                0x0080037c                nrf
 *(COMMON)
                0x008003f0                PROVIDE (__bss_end, .)
                0x00000b84                __data_load_start = LOADADDR (.data)
                0x00000dfe                __data_load_end = (__data_load_start + SIZEOF (.data))

.noinit         0x008003f0        0x0
                0x008003f0                PROVIDE (__noinit_start, .)
 *(.noinit*)
                0x008003f0                PROVIDE (__noinit_end, .)
                0x008003f0                _end = .
                0x008003f0                PROVIDE (__heap_start, .)

.eeprom         0x00810000        0x0
 *(.eeprom*)
                0x00810000                __eeprom_end = .

.fuse
 *(.fuse)
 *(.lfuse)
 *(.hfuse)
 *(.efuse)

.lock
 *(.lock*)

.signature
 *(.signature*)

.user_signatures
 *(.user_signatures*)

.stab           0x00000000      0x6cc
 *(.stab)
 .stab          0x00000000      0x6cc c:/program files (x86)/atmel/atmel toolchain/avr8 gcc/native/3.4.2.939/avr8-gnu-toolchain/bin/../lib/gcc/avr/4.7.2/../../../../avr/lib/avr5/crtm168.o

.stabstr        0x00000000       0x97
 *(.stabstr)
 .stabstr       0x00000000       0x97 c:/program files (x86)/atmel/atmel toolchain/avr8 gcc/native/3.4.2.939/avr8-gnu-toolchain/bin/../lib/gcc/avr/4.7.2/../../../../avr/lib/avr5/crtm168.o

.stab.excl
 *(.stab.excl)

.stab.exclstr
 *(.stab.exclstr)

.stab.index
 *(.stab.index)

.stab.indexstr
 *(.stab.indexstr)

.comment        0x00000000       0x2f
 *(.comment)
 .comment       0x00000000       0x2f 23008LCD.o
                                 0x30 (size before relaxing)
 .comment       0x00000000       0x30 myqADC.o
 .comment       0x00000000       0x30 myqI2C.o
 .comment       0x00000000       0x30 myqspi.o
 .comment       0x00000000       0x30 nRF8001.o
 .comment       0x00000000       0x30 portexpander.o
 .comment       0x00000000       0x30 timer1.o
 .comment       0x00000000       0x30 SeniorProjectPulseOx.o

.debug
 *(.debug)

.line
 *(.line)

.debug_srcinfo
 *(.debug_srcinfo)

.debug_sfnames
 *(.debug_sfnames)

.debug_aranges  0x00000000      0x428
 *(.debug_aranges)
 .debug_aranges
                0x00000000       0xb8 23008LCD.o
 .debug_aranges
                0x000000b8       0x48 myqADC.o
 .debug_aranges
                0x00000100       0x58 myqI2C.o
 .debug_aranges
                0x00000158       0x68 myqspi.o
 .debug_aranges
                0x000001c0      0x1c0 nRF8001.o
 .debug_aranges
                0x00000380       0x30 portexpander.o
 .debug_aranges
                0x000003b0       0x40 timer1.o
 .debug_aranges
                0x000003f0       0x38 SeniorProjectPulseOx.o

.debug_pubnames
 *(.debug_pubnames)

.debug_info     0x00000000     0x4756
 *(.debug_info)
 .debug_info    0x00000000      0xc13 23008LCD.o
 .debug_info    0x00000c13      0x164 myqADC.o
 .debug_info    0x00000d77      0x1bd myqI2C.o
 .debug_info    0x00000f34      0x523 myqspi.o
 .debug_info    0x00001457     0x226c nRF8001.o
 .debug_info    0x000036c3      0x1f9 portexpander.o
 .debug_info    0x000038bc      0x11d timer1.o
 .debug_info    0x000039d9      0xd7d SeniorProjectPulseOx.o
 *(.gnu.linkonce.wi.*)

.debug_abbrev   0x00000000      0xc9b
 *(.debug_abbrev)
 .debug_abbrev  0x00000000      0x1bf 23008LCD.o
 .debug_abbrev  0x000001bf       0xb4 myqADC.o
 .debug_abbrev  0x00000273       0xe5 myqI2C.o
 .debug_abbrev  0x00000358      0x19d myqspi.o
 .debug_abbrev  0x000004f5      0x2e3 nRF8001.o
 .debug_abbrev  0x000007d8      0x10d portexpander.o
 .debug_abbrev  0x000008e5       0xb7 timer1.o
 .debug_abbrev  0x0000099c      0x2ff SeniorProjectPulseOx.o

.debug_line     0x00000000     0x1301
 *(.debug_line)
 .debug_line    0x00000000      0x3a7 23008LCD.o
 .debug_line    0x000003a7      0x13c myqADC.o
 .debug_line    0x000004e3      0x1dc myqI2C.o
 .debug_line    0x000006bf      0x1a8 myqspi.o
 .debug_line    0x00000867      0x687 nRF8001.o
 .debug_line    0x00000eee       0x84 portexpander.o
 .debug_line    0x00000f72      0x128 timer1.o
 .debug_line    0x0000109a      0x267 SeniorProjectPulseOx.o

.debug_frame    0x00000000      0x9c4
 *(.debug_frame)
 .debug_frame   0x00000000      0x194 23008LCD.o
 .debug_frame   0x00000194       0x74 myqADC.o
 .debug_frame   0x00000208       0xa0 myqI2C.o
 .debug_frame   0x000002a8       0xb4 myqspi.o
 .debug_frame   0x0000035c      0x548 nRF8001.o
 .debug_frame   0x000008a4       0x58 portexpander.o
 .debug_frame   0x000008fc       0x64 timer1.o
 .debug_frame   0x00000960       0x64 SeniorProjectPulseOx.o

.debug_str      0x00000000     0x132a
 *(.debug_str)
 .debug_str     0x00000000      0x260 23008LCD.o
                                0x29f (size before relaxing)
 .debug_str     0x00000260       0x70 myqADC.o
                                0x144 (size before relaxing)
 .debug_str     0x000002d0       0x83 myqI2C.o
                                0x15f (size before relaxing)
 .debug_str     0x00000353      0x17f myqspi.o
                                0x257 (size before relaxing)
 .debug_str     0x000004d2      0xcee nRF8001.o
                                0xf22 (size before relaxing)
 .debug_str     0x000011c0       0x2e portexpander.o
                                0x154 (size before relaxing)
 .debug_str     0x000011ee       0x6f timer1.o
                                0x156 (size before relaxing)
 .debug_str     0x0000125d       0xcd SeniorProjectPulseOx.o
                                0xa8d (size before relaxing)

.debug_loc      0x00000000     0x2507
 *(.debug_loc)
 .debug_loc     0x00000000      0x3ec 23008LCD.o
 .debug_loc     0x000003ec       0x82 myqADC.o
 .debug_loc     0x0000046e      0x11d myqI2C.o
 .debug_loc     0x0000058b      0x26f myqspi.o
 .debug_loc     0x000007fa     0x1a11 nRF8001.o
 .debug_loc     0x0000220b       0xfe portexpander.o
 .debug_loc     0x00002309       0x42 timer1.o
 .debug_loc     0x0000234b      0x1bc SeniorProjectPulseOx.o

.debug_macinfo
 *(.debug_macinfo)

.debug_pubtypes
 *(.debug_pubtypes)

.debug_ranges   0x00000000      0x3c0
 *(.debug_ranges)
 .debug_ranges  0x00000000       0xa8 23008LCD.o
 .debug_ranges  0x000000a8       0x38 myqADC.o
 .debug_ranges  0x000000e0       0x48 myqI2C.o
 .debug_ranges  0x00000128       0x58 myqspi.o
 .debug_ranges  0x00000180      0x1c8 nRF8001.o
 .debug_ranges  0x00000348       0x20 portexpander.o
 .debug_ranges  0x00000368       0x30 timer1.o
 .debug_ranges  0x00000398       0x28 SeniorProjectPulseOx.o

.debug_macro
 *(.debug_macro)
OUTPUT(SeniorProjectPulseOx.elf elf32-avr)
LOAD linker stubs
